// Jest Snapshot v1, https://goo.gl/fbAQLP

exports[`GameOverScreen component should render GameOverScreen component 1`] = `
<section
  class="result"
>
  <div
    class="result__logo"
  >
    <img
      alt="Угадай мелодию"
      height="83"
      src="img/melody-logo.png"
      width="186"
    />
  </div>
  <h2
    class="result__title"
  >
    Какая жалость!
  </h2>
  <p
    class="result__total result__total--fail"
  >
    У вас закончились все попытки. Ничего, повезёт в следующий раз!
  </p>
  <button
    class="replay"
    type="button"
  >
    Попробовать ещё раз
  </button>
</section>
`;
